smash> smash> smash> smash: sending SIGKILL signal to 2 jobs:
27623: sleep 10000&
27624: sleep 10000&
